// Jest Snapshot v1, https://goo.gl/fbAQLP

exports[`renders stack 1`] = `
<div
  className="sc-jSMfEi vBoWH"
>
  <h2>
    title
  </h2>
  <div
    className="sc-bczRLJ lkLdxK"
  >
    <label
      className="sc-dkzDqf cHkOaT"
      contentEditable={false}
      htmlFor="0"
      suppressContentEditableWarning={true}
    >
      note0
    </label>
    <div
      className="sc-gsnTZi fFWGpK"
    >
      <input
        checked={false}
        className="sc-hKMtZM klVUjV"
        id="0note0"
        onChange={[Function]}
        type="checkbox"
      />
      <button
        className="sc-eCYdqJ fzDQYo"
        onClick={[Function]}
      >
        Edit
      </button>
    </div>
  </div>
  <div
    className="sc-bczRLJ lkLdxK"
  >
    <label
      className="sc-dkzDqf cHkOaT"
      contentEditable={false}
      htmlFor="1"
      suppressContentEditableWarning={true}
    >
      note1
    </label>
    <div
      className="sc-gsnTZi fFWGpK"
    >
      <input
        checked={false}
        className="sc-hKMtZM klVUjV"
        id="1note1"
        onChange={[Function]}
        type="checkbox"
      />
      <button
        className="sc-eCYdqJ fzDQYo"
        onClick={[Function]}
      >
        Edit
      </button>
    </div>
  </div>
  <div
    className="sc-bczRLJ lkLdxK"
  >
    <label
      className="sc-dkzDqf cHkOaT"
      contentEditable={false}
      htmlFor="2"
      suppressContentEditableWarning={true}
    >
      note2
    </label>
    <div
      className="sc-gsnTZi fFWGpK"
    >
      <input
        checked={false}
        className="sc-hKMtZM klVUjV"
        id="2note2"
        onChange={[Function]}
        type="checkbox"
      />
      <button
        className="sc-eCYdqJ fzDQYo"
        onClick={[Function]}
      >
        Edit
      </button>
    </div>
  </div>
  <div
    className="sc-bczRLJ lkLdxK"
  >
    <label
      className="sc-dkzDqf cHkOaT"
      contentEditable={false}
      htmlFor="3"
      suppressContentEditableWarning={true}
    >
      note3
    </label>
    <div
      className="sc-gsnTZi fFWGpK"
    >
      <input
        checked={false}
        className="sc-hKMtZM klVUjV"
        id="3note3"
        onChange={[Function]}
        type="checkbox"
      />
      <button
        className="sc-eCYdqJ fzDQYo"
        onClick={[Function]}
      >
        Edit
      </button>
    </div>
  </div>
</div>
`;
